2026-02-16 16:09:23 [ERROR] [worker-queue] Connection refused: upstream service unavailable
2026-02-16 16:09:46 [ERROR] [db-pool] Unhandled exception in request handler: NullPointerError
2026-02-16 16:09:52 [INFO] [scheduler] Scheduled job completed: cleanup_old_sessions
2026-02-16 16:10:47 [INFO] [worker-queue] Health check passed
2026-02-16 16:11:20 [INFO] [db-pool] Scheduled job completed: cleanup_old_sessions
2026-02-16 16:12:18 [INFO] [api-gateway] Cache hit ratio: 98%
2026-02-16 16:13:16 [INFO] [db-pool] Scheduled job completed: cleanup_old_sessions
2026-02-16 16:13:22 [INFO] [auth-service] User login successful uid=u7682
2026-02-16 16:14:22 [ERROR] [auth-service] Unhandled exception in request handler: NullPointerError
2026-02-16 16:14:23 [INFO] [scheduler] Connection pool: 29 active, 189 idle
2026-02-16 16:14:28 [ERROR] [db-pool] Connection refused: upstream service unavailable
2026-02-16 16:14:41 [INFO] [db-pool] Scheduled job completed: cleanup_old_sessions
2026-02-16 16:15:01 [ERROR] [auth-service] Circuit breaker OPEN for auth-service after 5 failures
2026-02-16 16:15:43 [WARN] [scheduler] Certificate expires in 50 days
2026-02-16 16:16:20 [INFO] [worker-queue] Connection pool: 76 active, 53 idle
2026-02-16 16:17:08 [INFO] [auth-service] Cache hit ratio: 51%
2026-02-16 16:17:32 [WARN] [worker-queue] Certificate expires in 22 days
2026-02-16 16:17:50 [ERROR] [scheduler] Authentication failed: invalid token for uid=u2042
2026-02-16 16:18:25 [ERROR] [scheduler] Out of memory: cannot allocate 43MB
2026-02-16 16:19:18 [INFO] [worker-queue] Metrics flushed: 85 datapoints
2026-02-16 16:20:00 [INFO] [scheduler] Health check passed
2026-02-16 16:20:54 [INFO] [db-pool] Health check passed
2026-02-16 16:21:29 [INFO] [scheduler] Cache hit ratio: 88%
2026-02-16 16:21:47 [INFO] [worker-queue] User login successful uid=u1085
2026-02-16 16:22:37 [ERROR] [db-pool] Out of memory: cannot allocate 42MB
2026-02-16 16:23:17 [ERROR] [db-pool] Authentication failed: invalid token for uid=u1188
2026-02-16 16:23:59 [INFO] [db-pool] Scheduled job completed: cleanup_old_sessions
2026-02-16 16:24:20 [INFO] [auth-service] Metrics flushed: 51 datapoints
2026-02-16 16:24:58 [INFO] [auth-service] Connection pool: 77 active, 126 idle
2026-02-16 16:25:15 [INFO] [worker-queue] Health check passed
2026-02-16 16:26:08 [INFO] [db-pool] Request processed successfully in 2850ms
2026-02-16 16:26:39 [ERROR] [db-pool] Authentication failed: invalid token for uid=u5976
2026-02-16 16:26:54 [INFO] [auth-service] User login successful uid=u4785
2026-02-16 16:27:52 [INFO] [db-pool] Connection pool: 31 active, 151 idle
2026-02-16 16:28:38 [ERROR] [worker-queue] Timeout after 30s waiting for db response
2026-02-16 16:28:57 [INFO] [worker-queue] Cache hit ratio: 92%
2026-02-16 16:29:56 [WARN] [auth-service] Retry attempt 12/3 for upstream call
2026-02-16 16:30:05 [INFO] [auth-service] Metrics flushed: 33 datapoints
2026-02-16 16:30:18 [ERROR] [db-pool] Circuit breaker OPEN for auth-service after 5 failures
2026-02-16 16:30:42 [INFO] [auth-service] Scheduled job completed: cleanup_old_sessions
2026-02-16 16:30:48 [INFO] [db-pool] Connection pool: 97 active, 184 idle
2026-02-16 16:31:46 [ERROR] [db-pool] Out of memory: cannot allocate 57MB
2026-02-16 16:32:08 [ERROR] [db-pool] Connection refused: upstream service unavailable
2026-02-16 16:32:54 [WARN] [api-gateway] Certificate expires in 7 days
2026-02-16 16:33:12 [ERROR] [db-pool] Unhandled exception in request handler: NullPointerError
2026-02-16 16:34:05 [ERROR] [auth-service] Authentication failed: invalid token for uid=u3833
2026-02-16 16:34:41 [ERROR] [scheduler] Out of memory: cannot allocate 71MB
2026-02-16 16:35:19 [ERROR] [cache-redis] Circuit breaker OPEN for auth-service after 5 failures
2026-02-16 16:36:14 [INFO] [scheduler] Scheduled job completed: cleanup_old_sessions
2026-02-16 16:36:32 [INFO] [db-pool] User login successful uid=u9588
